// Jest Snapshot v1, https://goo.gl/fbAQLP

exports[`parse 1`] = `
Object {
  "Events": Array [
    Object {
      "Effect": "",
      "End": AssTime {
        "_hundredthSeconds": 85,
        "_minutes": 0,
        "_seconds": 6,
        "hours": 0,
      },
      "Layer": 0,
      "MarginL": 0,
      "MarginR": 0,
      "MarginV": 0,
      "Name": "NTP",
      "Start": AssTime {
        "_hundredthSeconds": 18,
        "_minutes": 0,
        "_seconds": 1,
        "hours": 0,
      },
      "Style": "DefaultVCD",
      "Text": "{\\\\pos(400,570)}Like an Angel with pity on nobody\\\\NThe second line in subtitle",
      "type": "Dialogue",
    },
  ],
  "Script Info": Object {
    "Collisions": "Normal",
    "Original Script": "RoRo",
    "PlayDepth": 0,
    "PlayResY": 600,
    "Script Updated By": "version 2.8.01",
    "ScriptType": "v4.00+",
    "Timer": 100,
    "Title": "Neon Genesis Evangelion - Episode 26 (neutral Spanish)",
    "Video Aspect Ratio": "0",
    "Video Position": "0",
    "Video Zoom": "6",
  },
  "V4+ Styles": Array [
    Object {
      "Alignment": 2,
      "Angle": 0,
      "BackColour": AssColor {
        "_a": 128,
        "_b": 0,
        "_g": 0,
        "_r": 8,
      },
      "Bold": true,
      "BorderStyle": 1,
      "Encoding": "0",
      "Fontname": "Arial",
      "Fontsize": 28,
      "Italic": false,
      "MarginL": 30,
      "MarginR": 30,
      "MarginV": 30,
      "Name": "DefaultVCD",
      "Outline": 1,
      "OutlineColour": AssColor {
        "_a": 0,
        "_b": 0,
        "_g": 0,
        "_r": 8,
      },
      "PrimaryColour": AssColor {
        "_a": 0,
        "_b": 180,
        "_g": 252,
        "_r": 252,
      },
      "ScaleX": 100,
      "ScaleY": 100,
      "SecondaryColour": AssColor {
        "_a": 0,
        "_b": 180,
        "_g": 252,
        "_r": 252,
      },
      "Shadow": 2,
      "Spacing": 0,
      "StrikeOut": false,
      "Underline": false,
      "type": "Style",
    },
  ],
}
`;

exports[`stringify 1`] = `
"[Script Info]
Title: Neon Genesis Evangelion - Episode 26 (neutral Spanish)
Original Script: RoRo
Script Updated By: version 2.8.01
ScriptType: v4.00+
Collisions: Normal
PlayResY: 600
PlayDepth: 0
Timer: 100
Video Aspect Ratio: 0
Video Zoom: 6
Video Position: 0

[V4+ Styles]
Format: Name, Fontname, Fontsize, PrimaryColour, SecondaryColour, OutlineColour, BackColour, Bold, Italic, Underline, StrikeOut, ScaleX, ScaleY, Spacing, Angle, BorderStyle, Outline, Shadow, Alignment, MarginL, MarginR, MarginV, Encoding
Style: DefaultVCD, Arial, 28, &H00B4FCFC, &H00B4FCFC, &H00000008, &H80000008, -1, 0, 0, 0, 100, 100, 0, 0, 1, 1, 2, 2, 30, 30, 30, 0

[Events]
Format: Layer, Start, End, Style, Name, MarginL, MarginR, MarginV, Effect, Text
Dialogue: 0, 0:00:01.18, 0:00:06.85, DefaultVCD, NTP, 0, 0, 0, , {\\\\pos(400,570)}Like an Angel with pity on nobody\\\\NThe second line in subtitle
"
`;
